=== rocprofv2 FP8 MoE SCALE sweep M=1024,4096,16384 ===
started 2026-09-06T01:57:45+00:00
===== M=1024 =====

[0;31mWARNING: We are phasing out development and support for roctracer/rocprofiler/rocprof/rocprofv2 in favor of rocprofiler-sdk/rocprofv3 in upcoming ROCm releases. Going forward, only critical defect fixes will be addressed for older versions of profiling tools and libraries. We encourage all users to upgrade to the latest version, rocprofiler-sdk library and rocprofv3 tool, to ensure continued support and access to new features.[0m

[aiter] import [module_aiter_core] under /scratch/aiter/aiter/jit/module_aiter_core.so
ROCProfilerV2: Collecting the following counters:
- TCC_HIT_sum
- TCC_MISS_sum
- SQ_WAVES
Enabling Counter Collection
[aiter] LoadKernel: _ZN5aiter24topksoftmax_4x256x8_bf16E hsaco: /scratch/aiter/hsa//gfx950/topksoftmax/topksoftmax_4x256x8_bf16.co
Results File: "/tmp/rp2s_m1024/pmc_1/results_367973.csv"
[W906 01:57:53.661147112 collection.cpp:1123] Warning: ROCTracer produced duplicate flow start: 1 (function operator())
[aiter] import [module_moe_sorting] under /scratch/aiter/aiter/jit/module_moe_sorting.so
[aiter] import [module_quant] under /scratch/aiter/aiter/jit/module_quant.so
[aiter] LoadKernel: _ZN5aiter48fmoe_bf16_pertokenFp8_g1u1_vs_silu_1tg_ps_32x512E hsaco: /scratch/aiter/hsa//gfx950/fmoe/silu/fmoe_bf16_pertokenFp8_g1u1_vs_silu_1tg_ps_32x512.co
[aiter] [perf] use_g1u1=True token=1024, quant=fp8quant, model_dim=6144, inter_dim=2048, E=256, shared_E=0, topk=8, dtype: torch.bfloat16, torch_avg: 70928.59 us, asm_avg:  2220.72 us ...... uplift: 3093.9%[checkAllclose atol=100 rtol=0.01 [31mfailed![0m]
    a    : torch.Size([1024, 6144])
           tensor([ -86.5000,  752.0000,  332.0000, -221.0000, 1456.0000, 1200.0000,
        2040.0000,  960.0000], device='cuda:0', dtype=torch.bfloat16)
    b    : torch.Size([1024, 6144])
           tensor([ 508.,  948., -496.,  233.,  140., 1360.,  233.,  454.],
       device='cuda:0', dtype=torch.bfloat16)
    delta:
           tensor([ 596.,  196.,  828.,  454., 1312.,  160., 1808.,  506.],
       device='cuda:0', dtype=torch.bfloat16)
[aiter] -->max abs delta:5504.0, delta details: 81.3% (5115002 of 6291456) elements

Running test: g1u1_fp8quant
[BW  ] token=1024, quant=fp8quant, model_dim=6144, inter_dim=2048, E=256, shared_E=0, topk=8, dtype: torch.bfloat16, asm_bandwidth:     3.97TB/s

The output path for the following counters: /tmp/rp2s_m1024/pmc_1
[aiter] import [module_aiter_core] under /scratch/aiter/aiter/jit/module_aiter_core.so
ROCProfilerV2: Collecting the following counters:
- FETCH_SIZE
- WRITE_SIZE
Enabling Counter Collection
[aiter] LoadKernel: _ZN5aiter24topksoftmax_4x256x8_bf16E hsaco: /scratch/aiter/hsa//gfx950/topksoftmax/topksoftmax_4x256x8_bf16.co
Results File: "/tmp/rp2s_m1024/pmc_2/results_368926.csv"
[W906 01:58:07.264265272 collection.cpp:1123] Warning: ROCTracer produced duplicate flow start: 1 (function operator())
[aiter] import [module_moe_sorting] under /scratch/aiter/aiter/jit/module_moe_sorting.so
[aiter] import [module_quant] under /scratch/aiter/aiter/jit/module_quant.so
[aiter] LoadKernel: _ZN5aiter48fmoe_bf16_pertokenFp8_g1u1_vs_silu_1tg_ps_32x512E hsaco: /scratch/aiter/hsa//gfx950/fmoe/silu/fmoe_bf16_pertokenFp8_g1u1_vs_silu_1tg_ps_32x512.co
[aiter] [perf] use_g1u1=True token=1024, quant=fp8quant, model_dim=6144, inter_dim=2048, E=256, shared_E=0, topk=8, dtype: torch.bfloat16, torch_avg: 70896.61 us, asm_avg:  2251.50 us ...... uplift: 3048.9%[checkAllclose atol=100 rtol=0.01 [31mfailed![0m]
    a    : torch.Size([1024, 6144])
           tensor([ 656.0000,  604.0000,  202.0000, -398.0000, 1240.0000, -240.0000,
          -8.1250, -580.0000], device='cuda:0', dtype=torch.bfloat16)
    b    : torch.Size([1024, 6144])
           tensor([  772.,  -250.,   584., -1696.,   660.,   976.,  -892.,   908.],
       device='cuda:0', dtype=torch.bfloat16)
    delta:
           tensor([ 116.,  856.,  382., 1296.,  580., 1216.,  884., 1488.],
       device='cuda:0', dtype=torch.bfloat16)
[aiter] -->max abs delta:6464.0, delta details: 80.2% (5044241 of 6291456) elements

Running test: g1u1_fp8quant
[BW  ] token=1024, quant=fp8quant, model_dim=6144, inter_dim=2048, E=256, shared_E=0, topk=8, dtype: torch.bfloat16, asm_bandwidth:     3.92TB/s

The output path for the following counters: /tmp/rp2s_m1024/pmc_2
--- M=1024 parsed ---
  no csvs in /tmp/rp2_m1024
===== M=4096 =====

[0;31mWARNING: We are phasing out development and support for roctracer/rocprofiler/rocprof/rocprofv2 in favor of rocprofiler-sdk/rocprofv3 in upcoming ROCm releases. Going forward, only critical defect fixes will be addressed for older versions of profiling tools and libraries. We encourage all users to upgrade to the latest version, rocprofiler-sdk library and rocprofv3 tool, to ensure continued support and access to new features.[0m

[aiter] import [module_aiter_core] under /scratch/aiter/aiter/jit/module_aiter_core.so
ROCProfilerV2: Collecting the following counters:
- TCC_HIT_sum
- TCC_MISS_sum
- SQ_WAVES
Enabling Counter Collection
[aiter] LoadKernel: _ZN5aiter24topksoftmax_4x256x8_bf16E hsaco: /scratch/aiter/hsa//gfx950/topksoftmax/topksoftmax_4x256x8_bf16.co
Results File: "/tmp/rp2s_m4096/pmc_1/results_369847.csv"
[W906 01:58:22.478667456 collection.cpp:1123] Warning: ROCTracer produced duplicate flow start: 1 (function operator())
[aiter] import [module_moe_sorting] under /scratch/aiter/aiter/jit/module_moe_sorting.so
[aiter] import [module_quant] under /scratch/aiter/aiter/jit/module_quant.so
[aiter] LoadKernel: _ZN5aiter48fmoe_bf16_pertokenFp8_g1u1_vs_silu_1tg_ps_32x512E hsaco: /scratch/aiter/hsa//gfx950/fmoe/silu/fmoe_bf16_pertokenFp8_g1u1_vs_silu_1tg_ps_32x512.co
[aiter] [perf] use_g1u1=True token=4096, quant=fp8quant, model_dim=6144, inter_dim=2048, E=256, shared_E=0, topk=8, dtype: torch.bfloat16, torch_avg: 149317.13 us, asm_avg:  3851.68 us ...... uplift: 3776.7%[checkAllclose atol=100 rtol=0.01 [31mfailed![0m]
    a    : torch.Size([4096, 6144])
           tensor([1400.,  238.,  688., -229.,  374.,  189., -584.,  460.],
       device='cuda:0', dtype=torch.bfloat16)
    b    : torch.Size([4096, 6144])
           tensor([   18.7500,  -108.0000,  -184.0000,  -520.0000,  -157.0000, -1456.0000,
          502.0000,  1800.0000], device='cuda:0', dtype=torch.bfloat16)
    delta:
           tensor([1384.,  346.,  872.,  292.,  532., 1648., 1088., 1344.],
       device='cuda:0', dtype=torch.bfloat16)
[aiter] -->max abs delta:6656.0, delta details: 80.5% (20255657 of 25165824) elements

Running test: g1u1_fp8quant
[BW  ] token=4096, quant=fp8quant, model_dim=6144, inter_dim=2048, E=256, shared_E=0, topk=8, dtype: torch.bfloat16, asm_bandwidth:     2.31TB/s

The output path for the following counters: /tmp/rp2s_m4096/pmc_1
[aiter] import [module_aiter_core] under /scratch/aiter/aiter/jit/module_aiter_core.so
ROCProfilerV2: Collecting the following counters:
- FETCH_SIZE
- WRITE_SIZE
Enabling Counter Collection
[aiter] LoadKernel: _ZN5aiter24topksoftmax_4x256x8_bf16E hsaco: /scratch/aiter/hsa//gfx950/topksoftmax/topksoftmax_4x256x8_bf16.co
Results File: "/tmp/rp2s_m4096/pmc_2/results_371031.csv"
[W906 01:58:38.573227507 collection.cpp:1123] Warning: ROCTracer produced duplicate flow start: 1 (function operator())
[aiter] import [module_moe_sorting] under /scratch/aiter/aiter/jit/module_moe_sorting.so
[aiter] import [module_quant] under /scratch/aiter/aiter/jit/module_quant.so
[aiter] LoadKernel: _ZN5aiter48fmoe_bf16_pertokenFp8_g1u1_vs_silu_1tg_ps_32x512E hsaco: /scratch/aiter/hsa//gfx950/fmoe/silu/fmoe_bf16_pertokenFp8_g1u1_vs_silu_1tg_ps_32x512.co
[aiter] [perf] use_g1u1=True token=4096, quant=fp8quant, model_dim=6144, inter_dim=2048, E=256, shared_E=0, topk=8, dtype: torch.bfloat16, torch_avg: 182841.82 us, asm_avg:  3704.88 us ...... uplift: 4835.2%[checkAllclose atol=100 rtol=0.01 [31mfailed![0m]
    a    : torch.Size([4096, 6144])
           tensor([  -96.,  1376.,   272.,  -908., -1120., -1312., -1152.,   668.],
       device='cuda:0', dtype=torch.bfloat16)
    b    : torch.Size([4096, 6144])
           tensor([-252., 1200.,   36.,  124., -912., -206., -207., 1088.],
       device='cuda:0', dtype=torch.bfloat16)
    delta:
           tensor([ 156.,  176.,  236., 1032.,  208., 1104.,  944.,  420.],
       device='cuda:0', dtype=torch.bfloat16)
[aiter] -->max abs delta:7552.0, delta details: 80.2% (20185080 of 25165824) elements

Running test: g1u1_fp8quant
[BW  ] token=4096, quant=fp8quant, model_dim=6144, inter_dim=2048, E=256, shared_E=0, topk=8, dtype: torch.bfloat16, asm_bandwidth:     2.40TB/s

The output path for the following counters: /tmp/rp2s_m4096/pmc_2
--- M=4096 parsed ---
  no csvs in /tmp/rp2_m4096
===== M=16384 =====

[0;31mWARNING: We are phasing out development and support for roctracer/rocprofiler/rocprof/rocprofv2 in favor of rocprofiler-sdk/rocprofv3 in upcoming ROCm releases. Going forward, only critical defect fixes will be addressed for older versions of profiling tools and libraries. We encourage all users to upgrade to the latest version, rocprofiler-sdk library and rocprofv3 tool, to ensure continued support and access to new features.[0m

[aiter] import [module_aiter_core] under /scratch/aiter/aiter/jit/module_aiter_core.so
ROCProfilerV2: Collecting the following counters:
- TCC_HIT_sum
- TCC_MISS_sum
- SQ_WAVES
Enabling Counter Collection
[aiter] LoadKernel: _ZN5aiter25topksoftmax_12x256x8_bf16E hsaco: /scratch/aiter/hsa//gfx950/topksoftmax/topksoftmax_12x256x8_bf16.co
Results File: "/tmp/rp2s_m16384/pmc_1/results_372061.csv"
[W906 01:58:53.201974333 collection.cpp:1123] Warning: ROCTracer produced duplicate flow start: 1 (function operator())
[aiter] import [module_moe_sorting] under /scratch/aiter/aiter/jit/module_moe_sorting.so
[aiter] import [module_quant] under /scratch/aiter/aiter/jit/module_quant.so
[aiter] LoadKernel: _ZN5aiter48fmoe_bf16_pertokenFp8_g1u1_vs_silu_1tg_ps_32x512E hsaco: /scratch/aiter/hsa//gfx950/fmoe/silu/fmoe_bf16_pertokenFp8_g1u1_vs_silu_1tg_ps_32x512.co
[aiter] [perf] use_g1u1=True token=16384, quant=fp8quant, model_dim=6144, inter_dim=2048, E=256, shared_E=0, topk=8, dtype: torch.bfloat16, torch_avg: 219257.64 us, asm_avg: 11954.94 us ...... uplift: 1734.0%[checkAllclose atol=100 rtol=0.01 [31mfailed![0m]
    a    : torch.Size([16384, 6144])
           tensor([-131., -470., 1432., -330.,  768., 1448., 1312.,  454.],
       device='cuda:0', dtype=torch.bfloat16)
    b    : torch.Size([16384, 6144])
           tensor([ 100.5000,  640.0000, 1040.0000, -464.0000,  398.0000,  800.0000,
         988.0000, 1016.0000], device='cuda:0', dtype=torch.bfloat16)
    delta:
           tensor([ 232., 1112.,  392.,  134.,  370.,  648.,  324.,  560.],
       device='cuda:0', dtype=torch.bfloat16)
[aiter] -->max abs delta:7488.0, delta details: 80.5% (81058034 of 100663296) elements

Running test: g1u1_fp8quant
[BW  ] token=16384, quant=fp8quant, model_dim=6144, inter_dim=2048, E=256, shared_E=0, topk=8, dtype: torch.bfloat16, asm_bandwidth:     0.77TB/s

The output path for the following counters: /tmp/rp2s_m16384/pmc_1
[aiter] import [module_aiter_core] under /scratch/aiter/aiter/jit/module_aiter_core.so
ROCProfilerV2: Collecting the following counters:
- FETCH_SIZE
- WRITE_SIZE
Enabling Counter Collection
[aiter] LoadKernel: _ZN5aiter25topksoftmax_12x256x8_bf16E hsaco: /scratch/aiter/hsa//gfx950/topksoftmax/topksoftmax_12x256x8_bf16.co
Results File: "/tmp/rp2s_m16384/pmc_2/results_373059.csv"
[W906 01:59:10.674059880 collection.cpp:1123] Warning: ROCTracer produced duplicate flow start: 1 (function operator())
[aiter] import [module_moe_sorting] under /scratch/aiter/aiter/jit/module_moe_sorting.so
[aiter] import [module_quant] under /scratch/aiter/aiter/jit/module_quant.so
[aiter] LoadKernel: _ZN5aiter48fmoe_bf16_pertokenFp8_g1u1_vs_silu_1tg_ps_32x512E hsaco: /scratch/aiter/hsa//gfx950/fmoe/silu/fmoe_bf16_pertokenFp8_g1u1_vs_silu_1tg_ps_32x512.co
[aiter] [perf] use_g1u1=True token=16384, quant=fp8quant, model_dim=6144, inter_dim=2048, E=256, shared_E=0, topk=8, dtype: torch.bfloat16, torch_avg: 252814.20 us, asm_avg: 11939.48 us ...... uplift: 2017.5%[checkAllclose atol=100 rtol=0.01 [31mfailed![0m]
    a    : torch.Size([16384, 6144])
           tensor([  616.0000,  1208.0000, -1160.0000,    43.5000,   126.0000,  1760.0000,
          540.0000,  1016.0000], device='cuda:0', dtype=torch.bfloat16)
    b    : torch.Size([16384, 6144])
           tensor([ 1152.0000,   -77.5000,  -298.0000,   304.0000,  -346.0000,   968.0000,
        -1004.0000,   186.0000], device='cuda:0', dtype=torch.bfloat16)
    delta:
           tensor([ 536., 1288.,  864.,  260.,  472.,  792., 1544.,  832.],
       device='cuda:0', dtype=torch.bfloat16)
[aiter] -->max abs delta:9472.0, delta details: 80.7% (81246791 of 100663296) elements

Running test: g1u1_fp8quant
[BW  ] token=16384, quant=fp8quant, model_dim=6144, inter_dim=2048, E=256, shared_E=0, topk=8, dtype: torch.bfloat16, asm_bandwidth:     0.77TB/s

The output path for the following counters: /tmp/rp2s_m16384/pmc_2
--- M=16384 parsed ---
  no csvs in /tmp/rp2_m16384
finished 2026-09-06T01:59:16+00:00
DONE_ROCPROF_SCALE
